// Jest Snapshot v1, https://goo.gl/fbAQLP

exports[`Tests in <GifFinder />  should be displayed correctly 1`] = `
<div
  className="container text-secondary"
>
  <div
    className="d-flex justify-content-center mt-5"
  >
    <h1>
      Gif Finder
    </h1>
  </div>
  <div
    className="row d-flex justify-content-center mt-4"
  >
    <div
      className="col-md-6"
    >
      <SearchBar
        setWord={[Function]}
      />
    </div>
  </div>
  <div
    className="mt-4 animate__animated animate__fadeIn"
  >
    <GifGrid
      word=""
    />
  </div>
</div>
`;
